
================================================================================================
ecephys-000409-ch101   n = 200000   (unfiltered (acquisition spectrum only), noise std = 1.0 before quantization)
================================================================================================
    step noise/step     s_*   G(s_*)   | LPC+ANS   condG    gap   | LPC+ANS   condG    gap | model-real
                                                           real            model surrogate
  ----------------------------------------------------------------------------------------------
   0.125       8.00   4.350   4.1712      4.2325  4.1846 0.0479      4.2885  4.1978 0.0907      +0.0560
   0.250       4.00   2.190   3.1904      3.2185  3.2050 0.0135      3.2768  3.2161 0.0607      +0.0583
   0.500       2.00   1.112   2.2468      2.3228  2.2653 0.0575      2.3398  2.2713 0.0686      +0.0170
   1.000       1.00   0.593   1.4458      1.6728  1.4722 0.2006      1.6703  1.4727 0.1976      -0.0025
   2.000       0.50   0.319   0.8283      1.3068  0.8761 0.4307      1.2828  0.8060 0.4768      -0.0240
   4.000       0.25   0.135   0.3519      0.7882  1.6277-0.8395      0.2355  0.1652 0.0704      -0.5527
   8.000       0.12   0.001   0.0021      0.1821  0.1177 0.0644      0.0033  0.0057-0.0024      -0.1788

================================================================================================
ecephys-000876-ch45   n = 200000   (unfiltered (acquisition spectrum only), noise std = 1.0 before quantization)
================================================================================================
    step noise/step     s_*   G(s_*)   | LPC+ANS   condG    gap   | LPC+ANS   condG    gap | model-real
                                                           real            model surrogate
  ----------------------------------------------------------------------------------------------
   0.125       8.00   5.047   4.3849      4.4697  4.3968 0.0729      4.5026  4.4023 0.1004      +0.0330
   0.250       4.00   2.539   3.4007      3.4474  3.4122 0.0352      3.4866  3.4185 0.0680      +0.0392
   0.500       2.00   1.300   2.4606      2.5330  2.4724 0.0606      2.5622  2.4752 0.0871      +0.0292
   1.000       1.00   0.696   1.6387      1.8077  1.6505 0.1571      1.8154  1.6549 0.1605      +0.0077
   2.000       0.50   0.384   0.9876      1.3380  1.0121 0.3259      1.3541  0.9799 0.3742      +0.0161
   4.000       0.25   0.234   0.6102      1.1036  0.6667 0.4369      1.1032  1.1548-0.0516      -0.0004
   8.000       0.12   0.160   0.4171      1.0171  2.7210-1.7039      0.9432  1.8993-0.9561      -0.0739
  16.000       0.06   0.076   0.1973      0.6390  1.0511-0.4120      0.1870  0.1058 0.0813      -0.4520

================================================================================================
ecephys-001290-ch0   n = 200000   (unfiltered (acquisition spectrum only), noise std = 1.0 before quantization)
================================================================================================
    step noise/step     s_*   G(s_*)   | LPC+ANS   condG    gap   | LPC+ANS   condG    gap | model-real
                                                           real            model surrogate
  ----------------------------------------------------------------------------------------------
   0.125       8.00   6.811   4.8163      4.9351  4.8613 0.0738      4.9411  4.8635 0.0776      +0.0060
   0.250       4.00   3.404   3.8197      3.9443  3.8645 0.0798      3.9458  3.8665 0.0793      +0.0015
   0.500       2.00   1.703   2.8357      2.9405  2.8797 0.0608      2.9326  2.8819 0.0507      -0.0079
   1.000       1.00   0.843   1.8812      2.0226  1.9226 0.0999      2.0128  1.9238 0.0890      -0.0098
   2.000       0.50   0.439   1.1177      1.4340  1.1556 0.2784      1.4080  1.1468 0.2612      -0.0260
   4.000       0.25   0.139   0.3627      1.1339  2.7291-1.5952      0.3558  0.3274 0.0284      -0.7781
   8.000       0.12   0.001   0.0018      0.1950  0.1620 0.0330      0.0033  0.0057-0.0024      -0.1918
  16.000       0.06   0.000   0.0004      0.0190  0.0137 0.0053      0.0033  0.0057-0.0024      -0.0157
